Archive member included to satisfy reference by file (symbol)

C:/WinAVR/bin/../lib/gcc/avr/15.1.0/avr5\libgcc.a(_exit.o)
                              C:/WinAVR/bin/../lib/gcc/avr/15.1.0/../../../../avr/lib/avr5/crtatmega328.o (exit)
C:/WinAVR/bin/../lib/gcc/avr/15.1.0/avr5\libgcc.a(_copy_data.o)
                              led_button_machine_state.o (__do_copy_data)

Discarded input sections

 .data          0x00000000        0x0 C:/WinAVR/bin/../lib/gcc/avr/15.1.0/../../../../avr/lib/avr5/crtatmega328.o
 .bss           0x00000000        0x0 C:/WinAVR/bin/../lib/gcc/avr/15.1.0/../../../../avr/lib/avr5/crtatmega328.o
 .text          0x00000000        0x0 led_button_machine_state.o
 .data          0x00000000        0x0 led_button_machine_state.o
 .bss           0x00000000        0x0 led_button_machine_state.o
 .text          0x00000000        0x0 C:/WinAVR/bin/../lib/gcc/avr/15.1.0/avr5\libgcc.a(_exit.o)
 .data          0x00000000        0x0 C:/WinAVR/bin/../lib/gcc/avr/15.1.0/avr5\libgcc.a(_exit.o)
 .bss           0x00000000        0x0 C:/WinAVR/bin/../lib/gcc/avr/15.1.0/avr5\libgcc.a(_exit.o)
 .text.libgcc.mul
                0x00000000        0x0 C:/WinAVR/bin/../lib/gcc/avr/15.1.0/avr5\libgcc.a(_exit.o)
 .text.libgcc.div
                0x00000000        0x0 C:/WinAVR/bin/../lib/gcc/avr/15.1.0/avr5\libgcc.a(_exit.o)
 .text.libgcc   0x00000000        0x0 C:/WinAVR/bin/../lib/gcc/avr/15.1.0/avr5\libgcc.a(_exit.o)
 .text.libgcc.prologue
                0x00000000        0x0 C:/WinAVR/bin/../lib/gcc/avr/15.1.0/avr5\libgcc.a(_exit.o)
 .text.libgcc.builtins
                0x00000000        0x0 C:/WinAVR/bin/../lib/gcc/avr/15.1.0/avr5\libgcc.a(_exit.o)
 .text.libgcc.fmul
                0x00000000        0x0 C:/WinAVR/bin/../lib/gcc/avr/15.1.0/avr5\libgcc.a(_exit.o)
 .text.libgcc.fixed
                0x00000000        0x0 C:/WinAVR/bin/../lib/gcc/avr/15.1.0/avr5\libgcc.a(_exit.o)
 .text          0x00000000        0x0 C:/WinAVR/bin/../lib/gcc/avr/15.1.0/avr5\libgcc.a(_copy_data.o)
 .data          0x00000000        0x0 C:/WinAVR/bin/../lib/gcc/avr/15.1.0/avr5\libgcc.a(_copy_data.o)
 .bss           0x00000000        0x0 C:/WinAVR/bin/../lib/gcc/avr/15.1.0/avr5\libgcc.a(_copy_data.o)
 .text.libgcc.mul
                0x00000000        0x0 C:/WinAVR/bin/../lib/gcc/avr/15.1.0/avr5\libgcc.a(_copy_data.o)
 .text.libgcc.div
                0x00000000        0x0 C:/WinAVR/bin/../lib/gcc/avr/15.1.0/avr5\libgcc.a(_copy_data.o)
 .text.libgcc   0x00000000        0x0 C:/WinAVR/bin/../lib/gcc/avr/15.1.0/avr5\libgcc.a(_copy_data.o)
 .text.libgcc.prologue
                0x00000000        0x0 C:/WinAVR/bin/../lib/gcc/avr/15.1.0/avr5\libgcc.a(_copy_data.o)
 .text.libgcc.builtins
                0x00000000        0x0 C:/WinAVR/bin/../lib/gcc/avr/15.1.0/avr5\libgcc.a(_copy_data.o)
 .text.libgcc.fmul
                0x00000000        0x0 C:/WinAVR/bin/../lib/gcc/avr/15.1.0/avr5\libgcc.a(_copy_data.o)
 .text.libgcc.fixed
                0x00000000        0x0 C:/WinAVR/bin/../lib/gcc/avr/15.1.0/avr5\libgcc.a(_copy_data.o)

Memory Configuration

Name             Origin             Length             Attributes
text             0x00000000         0x00008000         xr
data             0x00800100         0x00000800         rw!x
eeprom           0x00810000         0x00000400         rw!x
fuse             0x00820000         0x00000003         rw!x
lock             0x00830000         0x00000400         rw!x
signature        0x00840000         0x00000400         rw!x
user_signatures  0x00850000         0x00000400         rw!x
*default*        0x00000000         0xffffffff

Linker script and memory map

Address of section .data set to 0x800100
LOAD C:/WinAVR/bin/../lib/gcc/avr/15.1.0/../../../../avr/lib/avr5/crtatmega328.o
LOAD led_button_machine_state.o
START GROUP
LOAD C:/WinAVR/bin/../lib/gcc/avr/15.1.0/avr5\libgcc.a
LOAD C:/WinAVR/bin/../lib/gcc/avr/15.1.0/../../../../avr/lib/avr5\libm.a
LOAD C:/WinAVR/bin/../lib/gcc/avr/15.1.0/../../../../avr/lib/avr5\libc.a
LOAD C:/WinAVR/bin/../lib/gcc/avr/15.1.0/../../../../avr/lib/avr5\libatmega328.a
END GROUP
                [0x00000000]                      __TEXT_REGION_ORIGIN__ = DEFINED (__TEXT_REGION_ORIGIN__)?__TEXT_REGION_ORIGIN__:0x0
                [0x00008000]                      __TEXT_REGION_LENGTH__ = DEFINED (__TEXT_REGION_LENGTH__)?__TEXT_REGION_LENGTH__:0x20000
                [0x00800100]                      __DATA_REGION_ORIGIN__ = DEFINED (__DATA_REGION_ORIGIN__)?__DATA_REGION_ORIGIN__:0x800060
                [0x00000800]                      __DATA_REGION_LENGTH__ = DEFINED (__DATA_REGION_LENGTH__)?__DATA_REGION_LENGTH__:0xffa0
                [0x00000400]                      __EEPROM_REGION_LENGTH__ = DEFINED (__EEPROM_REGION_LENGTH__)?__EEPROM_REGION_LENGTH__:0x10000
                [0x00000003]                      __FUSE_REGION_LENGTH__ = DEFINED (__FUSE_REGION_LENGTH__)?__FUSE_REGION_LENGTH__:0x400
                0x00000400                        __LOCK_REGION_LENGTH__ = DEFINED (__LOCK_REGION_LENGTH__)?__LOCK_REGION_LENGTH__:0x400
                0x00000400                        __SIGNATURE_REGION_LENGTH__ = DEFINED (__SIGNATURE_REGION_LENGTH__)?__SIGNATURE_REGION_LENGTH__:0x400
                0x00000400                        __USER_SIGNATURE_REGION_LENGTH__ = DEFINED (__USER_SIGNATURE_REGION_LENGTH__)?__USER_SIGNATURE_REGION_LENGTH__:0x400

.hash
 *(.hash)

.dynsym
 *(.dynsym)

.dynstr
 *(.dynstr)

.gnu.version
 *(.gnu.version)

.gnu.version_d
 *(.gnu.version_d)

.gnu.version_r
 *(.gnu.version_r)

.rel.init
 *(.rel.init)

.rela.init
 *(.rela.init)

.rel.text
 *(.rel.text)
 *(.rel.text.*)
 *(.rel.gnu.linkonce.t*)

.rela.text
 *(.rela.text)
 *(.rela.text.*)
 *(.rela.gnu.linkonce.t*)

.rel.fini
 *(.rel.fini)

.rela.fini
 *(.rela.fini)

.rel.rodata
 *(.rel.rodata)
 *(.rel.rodata.*)
 *(.rel.gnu.linkonce.r*)

.rela.rodata
 *(.rela.rodata)
 *(.rela.rodata.*)
 *(.rela.gnu.linkonce.r*)

.rel.data
 *(.rel.data)
 *(.rel.data.*)
 *(.rel.gnu.linkonce.d*)

.rela.data
 *(.rela.data)
 *(.rela.data.*)
 *(.rela.gnu.linkonce.d*)

.rel.ctors
 *(.rel.ctors)

.rela.ctors
 *(.rela.ctors)

.rel.dtors
 *(.rel.dtors)

.rela.dtors
 *(.rela.dtors)

.rel.got
 *(.rel.got)

.rela.got
 *(.rela.got)

.rel.bss
 *(.rel.bss)

.rela.bss
 *(.rela.bss)

.rel.plt
 *(.rel.plt)

.rela.plt
 *(.rela.plt)

.text           0x00000000      0x172
 *(.vectors)
 .vectors       0x00000000       0x68 C:/WinAVR/bin/../lib/gcc/avr/15.1.0/../../../../avr/lib/avr5/crtatmega328.o
                0x00000000                __vector_default
                0x00000000                __vectors
 *(.vectors)
 *(.progmem.gcc*)
                0x00000068                        . = ALIGN (0x2)
                0x00000068                        __trampolines_start = .
 *(.trampolines)
 .trampolines   0x00000068        0x0 linker stubs
 *(.trampolines*)
                0x00000068                        __trampolines_end = .
 *libprintf_flt.a:*(.progmem.data)
 *libc.a:*(.progmem.data)
 *(.progmem.*)
                0x00000068                        . = ALIGN (0x2)
 *(.lowtext)
 *(.lowtext*)
                0x00000068                        __ctors_start = .
 *(.ctors)
                0x00000068                        __ctors_end = .
                0x00000068                        __dtors_start = .
 *(.dtors)
                0x00000068                        __dtors_end = .
 SORT_BY_NAME(*)(.ctors)
 SORT_BY_NAME(*)(.dtors)
 *(.init0)
 .init0         0x00000068        0x0 C:/WinAVR/bin/../lib/gcc/avr/15.1.0/../../../../avr/lib/avr5/crtatmega328.o
                0x00000068                __init
 *(.init0)
 *(.init1)
 *(.init1)
 *(.init2)
 .init2         0x00000068        0xc C:/WinAVR/bin/../lib/gcc/avr/15.1.0/../../../../avr/lib/avr5/crtatmega328.o
 *(.init2)
 *(.init3)
 *(.init3)
 *(.init4)
 .init4         0x00000074       0x16 C:/WinAVR/bin/../lib/gcc/avr/15.1.0/avr5\libgcc.a(_copy_data.o)
                0x00000074                __do_copy_data
 *(.init4)
 *(.init5)
 *(.init5)
 *(.init6)
 *(.init6)
 *(.init7)
 *(.init7)
 *(.init8)
 *(.init8)
 *(.init9)
 .init9         0x0000008a        0x8 C:/WinAVR/bin/../lib/gcc/avr/15.1.0/../../../../avr/lib/avr5/crtatmega328.o
 *(.init9)
 *(.text)
 .text          0x00000092        0x4 C:/WinAVR/bin/../lib/gcc/avr/15.1.0/../../../../avr/lib/avr5/crtatmega328.o
                0x00000092                __vector_22
                0x00000092                __vector_1
                0x00000092                __vector_24
                0x00000092                __vector_12
                0x00000092                __bad_interrupt
                0x00000092                __vector_6
                0x00000092                __vector_3
                0x00000092                __vector_23
                0x00000092                __vector_25
                0x00000092                __vector_11
                0x00000092                __vector_13
                0x00000092                __vector_17
                0x00000092                __vector_19
                0x00000092                __vector_7
                0x00000092                __vector_5
                0x00000092                __vector_4
                0x00000092                __vector_9
                0x00000092                __vector_2
                0x00000092                __vector_21
                0x00000092                __vector_15
                0x00000092                __vector_8
                0x00000092                __vector_14
                0x00000092                __vector_10
                0x00000092                __vector_16
                0x00000092                __vector_18
                0x00000092                __vector_20
                0x00000096                        . = ALIGN (0x2)
 *(.text.*)
 .text.enter_led_off
                0x00000096        0x4 led_button_machine_state.o
                0x00000096                enter_led_off
 .text.exit_led_off
                0x0000009a        0x2 led_button_machine_state.o
                0x0000009a                exit_led_off
 .text.enter_led_on
                0x0000009c        0x4 led_button_machine_state.o
                0x0000009c                enter_led_on
 .text.exit_led_on
                0x000000a0        0x2 led_button_machine_state.o
                0x000000a0                exit_led_on
 .text.transitionTo
                0x000000a2       0x44 led_button_machine_state.o
                0x000000a2                transitionTo
 .text.handle_led_off
                0x000000e6       0x12 led_button_machine_state.o
                0x000000e6                handle_led_off
 .text.handle_led_on
                0x000000f8       0x12 led_button_machine_state.o
                0x000000f8                handle_led_on
 .text.startup.main
                0x0000010a       0x64 led_button_machine_state.o
                0x0000010a                main
                0x0000016e                        . = ALIGN (0x2)
 *(.fini9)
 .fini9         0x0000016e        0x0 C:/WinAVR/bin/../lib/gcc/avr/15.1.0/avr5\libgcc.a(_exit.o)
                0x0000016e                _exit
                0x0000016e                exit
 *(.fini9)
 *(.fini8)
 *(.fini8)
 *(.fini7)
 *(.fini7)
 *(.fini6)
 *(.fini6)
 *(.fini5)
 *(.fini5)
 *(.fini4)
 *(.fini4)
 *(.fini3)
 *(.fini3)
 *(.fini2)
 *(.fini2)
 *(.fini1)
 *(.fini1)
 *(.fini0)
 .fini0         0x0000016e        0x4 C:/WinAVR/bin/../lib/gcc/avr/15.1.0/avr5\libgcc.a(_exit.o)
 *(.fini0)
 *(.hightext)
 *(.hightext*)
 *(.progmemx.*)
                0x00000172                        . = ALIGN (0x2)
 *(.jumptables)
 *(.jumptables*)
                0x00000172                        _etext = .

.data           0x00800100        0xc load address 0x00000172
                0x00800100                        PROVIDE (__data_start = .)
 *(.data)
 *(.data*)
 .data.ledOnState
                0x00800100        0x6 led_button_machine_state.o
                0x00800100                ledOnState
 .data.ledOffState
                0x00800106        0x6 led_button_machine_state.o
                0x00800106                ledOffState
 *(.gnu.linkonce.d*)
 *(.rodata)
 *(.rodata*)
 *(.gnu.linkonce.r*)
                0x0080010c                        . = ALIGN (0x2)
                0x0080010c                        _edata = .
                0x0080010c                        PROVIDE (__data_end = .)

.bss            0x0080010c        0x0
                [!provide]                        PROVIDE (__bss_start = .)
 *(.bss)
 *(.bss*)
 *(COMMON)
                [!provide]                        PROVIDE (__bss_end = .)
                0x00000172                        __data_load_start = LOADADDR (.data)
                0x0000017e                        __data_load_end = (__data_load_start + SIZEOF (.data))

.noinit         0x0080010c        0x0
                [!provide]                        PROVIDE (__noinit_start = .)
 *(.noinit .noinit.* .gnu.linkonce.n.*)
                [!provide]                        PROVIDE (__noinit_end = .)
                0x0080010c                        _end = .
                [!provide]                        PROVIDE (__heap_start = .)
                0x00000000                        __flmap_init_label = DEFINED (__flmap_noinit_start)?__flmap_noinit_start:0x0
                0x00000000                        __flmap = DEFINED (__flmap)?__flmap:0x0

.eeprom         0x00810000        0x0
 *(.eeprom*)
                0x00810000                        __eeprom_end = .

.fuse
 *(.fuse)
 *(.lfuse)
 *(.hfuse)
 *(.efuse)

.lock
 *(.lock*)

.signature
 *(.signature*)

.stab
 *(.stab)

.stabstr
 *(.stabstr)

.stab.excl
 *(.stab.excl)

.stab.exclstr
 *(.stab.exclstr)

.stab.index
 *(.stab.index)

.stab.indexstr
 *(.stab.indexstr)

.comment        0x00000000       0x12
 *(.comment)
 .comment       0x00000000       0x12 led_button_machine_state.o
                                 0x13 (size before relaxing)

.note.gnu.avr.deviceinfo
                0x00000000       0x3c
 .note.gnu.avr.deviceinfo
                0x00000000       0x3c C:/WinAVR/bin/../lib/gcc/avr/15.1.0/../../../../avr/lib/avr5/crtatmega328.o

.gnu.build.attributes
 *(.gnu.build.attributes .gnu.build.attributes.*)

.note.gnu.build-id
 *(.note.gnu.build-id)

.debug
 *(.debug)

.line
 *(.line)

.debug_srcinfo
 *(.debug_srcinfo)

.debug_sfnames
 *(.debug_sfnames)

.debug_aranges  0x00000000       0x98
 *(.debug_aranges)
 .debug_aranges
                0x00000000       0x58 led_button_machine_state.o
 .debug_aranges
                0x00000058       0x20 C:/WinAVR/bin/../lib/gcc/avr/15.1.0/avr5\libgcc.a(_exit.o)
 .debug_aranges
                0x00000078       0x20 C:/WinAVR/bin/../lib/gcc/avr/15.1.0/avr5\libgcc.a(_copy_data.o)

.debug_pubnames
 *(.debug_pubnames)

.debug_info     0x00000000      0xa64
 *(.debug_info .gnu.linkonce.wi.*)
 .debug_info    0x00000000      0x5f4 C:/WinAVR/bin/../lib/gcc/avr/15.1.0/../../../../avr/lib/avr5/crtatmega328.o
 .debug_info    0x000005f4      0x428 led_button_machine_state.o
 .debug_info    0x00000a1c       0x24 C:/WinAVR/bin/../lib/gcc/avr/15.1.0/avr5\libgcc.a(_exit.o)
 .debug_info    0x00000a40       0x24 C:/WinAVR/bin/../lib/gcc/avr/15.1.0/avr5\libgcc.a(_copy_data.o)

.debug_abbrev   0x00000000      0x827
 *(.debug_abbrev)
 .debug_abbrev  0x00000000      0x5a2 C:/WinAVR/bin/../lib/gcc/avr/15.1.0/../../../../avr/lib/avr5/crtatmega328.o
 .debug_abbrev  0x000005a2      0x25d led_button_machine_state.o
 .debug_abbrev  0x000007ff       0x14 C:/WinAVR/bin/../lib/gcc/avr/15.1.0/avr5\libgcc.a(_exit.o)
 .debug_abbrev  0x00000813       0x14 C:/WinAVR/bin/../lib/gcc/avr/15.1.0/avr5\libgcc.a(_copy_data.o)

.debug_line     0x00000000      0x471
 *(.debug_line .debug_line.* .debug_line_end)
 .debug_line    0x00000000       0x1d C:/WinAVR/bin/../lib/gcc/avr/15.1.0/../../../../avr/lib/avr5/crtatmega328.o
 .debug_line    0x0000001d      0x37c led_button_machine_state.o
 .debug_line    0x00000399       0x51 C:/WinAVR/bin/../lib/gcc/avr/15.1.0/avr5\libgcc.a(_exit.o)
 .debug_line    0x000003ea       0x87 C:/WinAVR/bin/../lib/gcc/avr/15.1.0/avr5\libgcc.a(_copy_data.o)

.debug_frame    0x00000000       0xb0
 *(.debug_frame)
 .debug_frame   0x00000000       0xb0 led_button_machine_state.o

.debug_str      0x00000000      0x4ab
 *(.debug_str)
 .debug_str     0x00000000      0x208 C:/WinAVR/bin/../lib/gcc/avr/15.1.0/../../../../avr/lib/avr5/crtatmega328.o
 .debug_str     0x00000208      0x2a3 led_button_machine_state.o
                                0x275 (size before relaxing)
 .debug_str     0x000004ab       0x68 C:/WinAVR/bin/../lib/gcc/avr/15.1.0/avr5\libgcc.a(_exit.o)
 .debug_str     0x000004ab       0x68 C:/WinAVR/bin/../lib/gcc/avr/15.1.0/avr5\libgcc.a(_copy_data.o)

.debug_loc
 *(.debug_loc)

.debug_macinfo
 *(.debug_macinfo)

.debug_weaknames
 *(.debug_weaknames)

.debug_funcnames
 *(.debug_funcnames)

.debug_typenames
 *(.debug_typenames)

.debug_varnames
 *(.debug_varnames)

.debug_pubtypes
 *(.debug_pubtypes)

.debug_ranges
 *(.debug_ranges)

.debug_addr
 *(.debug_addr)

.debug_line_str
                0x00000000      0x111
 *(.debug_line_str)
 .debug_line_str
                0x00000000      0x111 led_button_machine_state.o
                                0x143 (size before relaxing)
 .debug_line_str
                0x00000111       0x5c C:/WinAVR/bin/../lib/gcc/avr/15.1.0/avr5\libgcc.a(_exit.o)
 .debug_line_str
                0x00000111       0x5c C:/WinAVR/bin/../lib/gcc/avr/15.1.0/avr5\libgcc.a(_copy_data.o)

.debug_loclists
                0x00000000      0x1b5
 *(.debug_loclists)
 .debug_loclists
                0x00000000      0x1b5 led_button_machine_state.o

.debug_macro
 *(.debug_macro)

.debug_names
 *(.debug_names)

.debug_rnglists
                0x00000000       0x49
 *(.debug_rnglists)
 .debug_rnglists
                0x00000000       0x49 led_button_machine_state.o

.debug_str_offsets
 *(.debug_str_offsets)

.debug_sup
 *(.debug_sup)
OUTPUT(led_button_machine_state.elf elf32-avr)
LOAD linker stubs
